---
source: crates/oxc_linter/src/tester.rs
expression: no_await_expression_member
---
  ⚠ eslint(no-await-expression-member): Disallow member access from await expression
   ╭─[no_await_expression_member.tsx:1:1]
 1 │ (await promise)[0]
   · ──────────────────
   ╰────
  help: Do not access a member directly from an await expression.

  ⚠ eslint(no-await-expression-member): Disallow member access from await expression
   ╭─[no_await_expression_member.tsx:1:1]
 1 │ (await promise).property
   · ────────────────────────
   ╰────
  help: Do not access a member directly from an await expression.

  ⚠ eslint(no-await-expression-member): Disallow member access from await expression
   ╭─[no_await_expression_member.tsx:1:1]
 1 │ const foo = (await promise).bar()
   ·             ───────────────────
   ╰────
  help: Do not access a member directly from an await expression.

  ⚠ eslint(no-await-expression-member): Disallow member access from await expression
   ╭─[no_await_expression_member.tsx:1:1]
 1 │ const foo = (await promise).bar?.()
   ·             ───────────────────
   ╰────
  help: Do not access a member directly from an await expression.

  ⚠ eslint(no-await-expression-member): Disallow member access from await expression
   ╭─[no_await_expression_member.tsx:1:1]
 1 │ const foo = (await promise)?.bar()
   ·             ────────────────────
   ╰────
  help: Do not access a member directly from an await expression.

  ⚠ eslint(no-await-expression-member): Disallow member access from await expression
   ╭─[no_await_expression_member.tsx:1:1]
 1 │ const firstElement = (await getArray())[0]
   ·                      ─────────────────────
   ╰────
  help: Do not access a member directly from an await expression.

  ⚠ eslint(no-await-expression-member): Disallow member access from await expression
   ╭─[no_await_expression_member.tsx:1:1]
 1 │ const secondElement = (await getArray())[1]
   ·                       ─────────────────────
   ╰────
  help: Do not access a member directly from an await expression.

  ⚠ eslint(no-await-expression-member): Disallow member access from await expression
   ╭─[no_await_expression_member.tsx:1:1]
 1 │ const thirdElement = (await getArray())[2]
   ·                      ─────────────────────
   ╰────
  help: Do not access a member directly from an await expression.

  ⚠ eslint(no-await-expression-member): Disallow member access from await expression
   ╭─[no_await_expression_member.tsx:1:1]
 1 │ const optionalFirstElement = (await getArray())?.[0]
   ·                              ───────────────────────
   ╰────
  help: Do not access a member directly from an await expression.

  ⚠ eslint(no-await-expression-member): Disallow member access from await expression
   ╭─[no_await_expression_member.tsx:1:1]
 1 │ const {propertyOfFirstElement} = (await getArray())[0]
   ·                                  ─────────────────────
   ╰────
  help: Do not access a member directly from an await expression.

  ⚠ eslint(no-await-expression-member): Disallow member access from await expression
   ╭─[no_await_expression_member.tsx:1:1]
 1 │ const [firstElementOfFirstElement] = (await getArray())[0]
   ·                                      ─────────────────────
   ╰────
  help: Do not access a member directly from an await expression.

  ⚠ eslint(no-await-expression-member): Disallow member access from await expression
   ╭─[no_await_expression_member.tsx:1:1]
 1 │ let foo, firstElement = (await getArray())[0]
   ·                         ─────────────────────
   ╰────
  help: Do not access a member directly from an await expression.

  ⚠ eslint(no-await-expression-member): Disallow member access from await expression
   ╭─[no_await_expression_member.tsx:1:1]
 1 │ var firstElement = (await getArray())[0], bar
   ·                    ─────────────────────
   ╰────
  help: Do not access a member directly from an await expression.

  ⚠ eslint(no-await-expression-member): Disallow member access from await expression
   ╭─[no_await_expression_member.tsx:1:1]
 1 │ const property = (await getObject()).property
   ·                  ────────────────────────────
   ╰────
  help: Do not access a member directly from an await expression.

  ⚠ eslint(no-await-expression-member): Disallow member access from await expression
   ╭─[no_await_expression_member.tsx:1:1]
 1 │ const renamed = (await getObject()).property
   ·                 ────────────────────────────
   ╰────
  help: Do not access a member directly from an await expression.

  ⚠ eslint(no-await-expression-member): Disallow member access from await expression
   ╭─[no_await_expression_member.tsx:1:1]
 1 │ const property = (await getObject())[property]
   ·                  ─────────────────────────────
   ╰────
  help: Do not access a member directly from an await expression.

  ⚠ eslint(no-await-expression-member): Disallow member access from await expression
   ╭─[no_await_expression_member.tsx:1:1]
 1 │ const property = (await getObject())?.property
   ·                  ─────────────────────────────
   ╰────
  help: Do not access a member directly from an await expression.

  ⚠ eslint(no-await-expression-member): Disallow member access from await expression
   ╭─[no_await_expression_member.tsx:1:1]
 1 │ const {propertyOfProperty} = (await getObject()).property
   ·                              ────────────────────────────
   ╰────
  help: Do not access a member directly from an await expression.

  ⚠ eslint(no-await-expression-member): Disallow member access from await expression
   ╭─[no_await_expression_member.tsx:1:1]
 1 │ const {propertyOfProperty} = (await getObject()).propertyOfProperty
   ·                              ──────────────────────────────────────
   ╰────
  help: Do not access a member directly from an await expression.

  ⚠ eslint(no-await-expression-member): Disallow member access from await expression
   ╭─[no_await_expression_member.tsx:1:1]
 1 │ const [firstElementOfProperty] = (await getObject()).property
   ·                                  ────────────────────────────
   ╰────
  help: Do not access a member directly from an await expression.

  ⚠ eslint(no-await-expression-member): Disallow member access from await expression
   ╭─[no_await_expression_member.tsx:1:1]
 1 │ const [firstElementOfProperty] = (await getObject()).firstElementOfProperty
   ·                                  ──────────────────────────────────────────
   ╰────
  help: Do not access a member directly from an await expression.

  ⚠ eslint(no-await-expression-member): Disallow member access from await expression
   ╭─[no_await_expression_member.tsx:1:1]
 1 │ firstElement = (await getArray())[0]
   ·                ─────────────────────
   ╰────
  help: Do not access a member directly from an await expression.

  ⚠ eslint(no-await-expression-member): Disallow member access from await expression
   ╭─[no_await_expression_member.tsx:1:1]
 1 │ property = (await getArray()).property
   ·            ───────────────────────────
   ╰────
  help: Do not access a member directly from an await expression.


