---
source: crates/oxc_linter/src/tester.rs
expression: no_is_mounted
---
  ⚠ eslint(no-is-mounted): Do not use isMounted
   ╭─[no_is_mounted.tsx:3:1]
 3 │                 componentDidUpdate: function() {
 4 │                   if (!this.isMounted()) {
   ·                        ────────────────
 5 │                     return;
   ╰────
  help: isMounted is on its way to being officially deprecated. You can use a _isMounted property to track the mounted status yourself.

  ⚠ eslint(no-is-mounted): Do not use isMounted
   ╭─[no_is_mounted.tsx:3:1]
 3 │                 someMethod: function() {
 4 │                   if (!this.isMounted()) {
   ·                        ────────────────
 5 │                     return;
   ╰────
  help: isMounted is on its way to being officially deprecated. You can use a _isMounted property to track the mounted status yourself.

  ⚠ eslint(no-is-mounted): Do not use isMounted
   ╭─[no_is_mounted.tsx:3:1]
 3 │                 someMethod() {
 4 │                   if (!this.isMounted()) {
   ·                        ────────────────
 5 │                     return;
   ╰────
  help: isMounted is on its way to being officially deprecated. You can use a _isMounted property to track the mounted status yourself.


